Generated stub files

ExampleCSharpLibrary\ExampleCSharpLibrary\__init__.pyi
ExampleCSharpLibrary\ExampleCSharpLibrary\NamespaceOne\__init__.pyi
ExampleCSharpLibrary\ExampleCSharpLibrary\NamespaceTwo\__init__.pyi
